// Jest Snapshot v1, https://goo.gl/fbAQLP

exports[`renders article component 1`] = `ShallowWrapper {}`;
