// Jest Snapshot v1, https://goo.gl/fbAQLP

exports[`renders Fab with all actions 1`] = `ShallowWrapper {}`;
