// Jest Snapshot v1, https://goo.gl/fbAQLP

exports[`renders FollowCard component 1`] = `ShallowWrapper {}`;
