// Jest Snapshot v1, https://goo.gl/fbAQLP

exports[`renders Input component 1`] = `ShallowWrapper {}`;
