// Jest Snapshot v1, https://goo.gl/fbAQLP

exports[`renders Interests component 1`] = `ShallowWrapper {}`;
