// Jest Snapshot v1, https://goo.gl/fbAQLP

exports[`Profile Compoment renders Profile component 1`] = `ReactWrapper {}`;
