// Jest Snapshot v1, https://goo.gl/fbAQLP

exports[`Profile Edit Form renders ProfileEditForm component 1`] = `ReactWrapper {}`;
